D:\codigos\MCU\TDII\TP1\drivers/fsl_clock.h:580:20:CLOCK_Select	16	static
D:\codigos\MCU\TDII\TP1\drivers/fsl_clock.h:591:20:CLOCK_SetClkDivider	16	static
D:\codigos\MCU\TDII\TP1\drivers/fsl_clock.h:601:24:CLOCK_GetClkDivider	16	static
D:\codigos\MCU\TDII\TP1\drivers/fsl_power.h:153:20:POWER_DisablePD	16	static
D:\codigos\MCU\TDII\TP1\drivers/fsl_adc.h:456:20:ADC_EnableConvSeqA	16	static
D:\codigos\MCU\TDII\TP1\drivers/fsl_adc.h:481:20:ADC_DoSoftwareTriggerConvSeqA	16	static
../source/L1/L2/ADC.c:14:6:CONFIG_ADC	40	static
../source/L1/L2/ADC.c:42:6:READ_ADC	8	static
